// Jest Snapshot v1, https://goo.gl/fbAQLP

exports[`ItemList ItemList snapshot 1`] = `
Object {
  "asFragment": [Function],
  "baseElement": <body>
    <div>
      <section
        class="itemList"
      >
        <h1
          class="itemList__title"
        >
          Persons
        </h1>
        <div
          class="itemList__wrapper"
        >
          <div
            class="person"
          >
            <img
              class="person__img"
              src="https://static.wikia.nocookie.net/shingekinokyojin/images/a/a1/Eren_Jaeger_%28Anime%29_character_image.png"
            />
            <div
              class="person__info"
            >
              <h2
                class="person__name"
              >
                Eren Yeager
              </h2>
              <p
                class="person__species"
              >
                <span
                  class="person__type"
                >
                  species: 
                </span>
                <span
                  class="person__text"
                >
                  Human, Intelligent Titan
                </span>
              </p>
              <p
                class="person__gender"
              >
                <span
                  class="person__type"
                >
                  gender: 
                </span>
                <span
                  class="person__text"
                >
                  Male
                </span>
              </p>
              <p
                class="person__status"
              >
                <span
                  class="person__type"
                >
                  status: 
                </span>
                <span
                  class="person__text"
                >
                  Deceased
                </span>
              </p>
              <p
                class="person__location"
              >
                <span
                  class="person__type"
                >
                  location: 
                </span>
                <span
                  class="person__text"
                >
                  Wall Rose
                </span>
              </p>
            </div>
          </div>
          <div
            class="person"
          >
            <img
              class="person__img"
              src="https://static.wikia.nocookie.net/shingekinokyojin/images/4/4f/Mikasa_Ackermann_%28Anime%29_character_image.png"
            />
            <div
              class="person__info"
            >
              <h2
                class="person__name"
              >
                Mikasa Ackermann
              </h2>
              <p
                class="person__species"
              >
                <span
                  class="person__type"
                >
                  species: 
                </span>
                <span
                  class="person__text"
                >
                  Human
                </span>
              </p>
              <p
                class="person__gender"
              >
                <span
                  class="person__type"
                >
                  gender: 
                </span>
                <span
                  class="person__text"
                >
                  Female
                </span>
              </p>
              <p
                class="person__status"
              >
                <span
                  class="person__type"
                >
                  status: 
                </span>
                <span
                  class="person__text"
                >
                  Alive
                </span>
              </p>
              <p
                class="person__location"
              >
                <span
                  class="person__type"
                >
                  location: 
                </span>
                <span
                  class="person__text"
                >
                  Shiganshina District
                </span>
              </p>
            </div>
          </div>
          <div
            class="person"
          >
            <img
              class="person__img"
              src="https://static.wikia.nocookie.net/shingekinokyojin/images/9/93/Armin_Arlelt_%28Anime%29_character_image.png"
            />
            <div
              class="person__info"
            >
              <h2
                class="person__name"
              >
                Armin Arlelt
              </h2>
              <p
                class="person__species"
              >
                <span
                  class="person__type"
                >
                  species: 
                </span>
                <span
                  class="person__text"
                >
                  Human, Intelligent Titan
                </span>
              </p>
              <p
                class="person__gender"
              >
                <span
                  class="person__type"
                >
                  gender: 
                </span>
                <span
                  class="person__text"
                >
                  Male
                </span>
              </p>
              <p
                class="person__status"
              >
                <span
                  class="person__type"
                >
                  status: 
                </span>
                <span
                  class="person__text"
                >
                  Alive
                </span>
              </p>
              <p
                class="person__location"
              >
                <span
                  class="person__type"
                >
                  location: 
                </span>
                <span
                  class="person__text"
                >
                  Shiganshina District
                </span>
              </p>
            </div>
          </div>
        </div>
      </section>
    </div>
  </body>,
  "container": <div>
    <section
      class="itemList"
    >
      <h1
        class="itemList__title"
      >
        Persons
      </h1>
      <div
        class="itemList__wrapper"
      >
        <div
          class="person"
        >
          <img
            class="person__img"
            src="https://static.wikia.nocookie.net/shingekinokyojin/images/a/a1/Eren_Jaeger_%28Anime%29_character_image.png"
          />
          <div
            class="person__info"
          >
            <h2
              class="person__name"
            >
              Eren Yeager
            </h2>
            <p
              class="person__species"
            >
              <span
                class="person__type"
              >
                species: 
              </span>
              <span
                class="person__text"
              >
                Human, Intelligent Titan
              </span>
            </p>
            <p
              class="person__gender"
            >
              <span
                class="person__type"
              >
                gender: 
              </span>
              <span
                class="person__text"
              >
                Male
              </span>
            </p>
            <p
              class="person__status"
            >
              <span
                class="person__type"
              >
                status: 
              </span>
              <span
                class="person__text"
              >
                Deceased
              </span>
            </p>
            <p
              class="person__location"
            >
              <span
                class="person__type"
              >
                location: 
              </span>
              <span
                class="person__text"
              >
                Wall Rose
              </span>
            </p>
          </div>
        </div>
        <div
          class="person"
        >
          <img
            class="person__img"
            src="https://static.wikia.nocookie.net/shingekinokyojin/images/4/4f/Mikasa_Ackermann_%28Anime%29_character_image.png"
          />
          <div
            class="person__info"
          >
            <h2
              class="person__name"
            >
              Mikasa Ackermann
            </h2>
            <p
              class="person__species"
            >
              <span
                class="person__type"
              >
                species: 
              </span>
              <span
                class="person__text"
              >
                Human
              </span>
            </p>
            <p
              class="person__gender"
            >
              <span
                class="person__type"
              >
                gender: 
              </span>
              <span
                class="person__text"
              >
                Female
              </span>
            </p>
            <p
              class="person__status"
            >
              <span
                class="person__type"
              >
                status: 
              </span>
              <span
                class="person__text"
              >
                Alive
              </span>
            </p>
            <p
              class="person__location"
            >
              <span
                class="person__type"
              >
                location: 
              </span>
              <span
                class="person__text"
              >
                Shiganshina District
              </span>
            </p>
          </div>
        </div>
        <div
          class="person"
        >
          <img
            class="person__img"
            src="https://static.wikia.nocookie.net/shingekinokyojin/images/9/93/Armin_Arlelt_%28Anime%29_character_image.png"
          />
          <div
            class="person__info"
          >
            <h2
              class="person__name"
            >
              Armin Arlelt
            </h2>
            <p
              class="person__species"
            >
              <span
                class="person__type"
              >
                species: 
              </span>
              <span
                class="person__text"
              >
                Human, Intelligent Titan
              </span>
            </p>
            <p
              class="person__gender"
            >
              <span
                class="person__type"
              >
                gender: 
              </span>
              <span
                class="person__text"
              >
                Male
              </span>
            </p>
            <p
              class="person__status"
            >
              <span
                class="person__type"
              >
                status: 
              </span>
              <span
                class="person__text"
              >
                Alive
              </span>
            </p>
            <p
              class="person__location"
            >
              <span
                class="person__type"
              >
                location: 
              </span>
              <span
                class="person__text"
              >
                Shiganshina District
              </span>
            </p>
          </div>
        </div>
      </div>
    </section>
  </div>,
  "debug": [Function],
  "findAllByAltText": [Function],
  "findAllByDisplayValue": [Function],
  "findAllByLabelText": [Function],
  "findAllByPlaceholderText": [Function],
  "findAllByRole": [Function],
  "findAllByTestId": [Function],
  "findAllByText": [Function],
  "findAllByTitle": [Function],
  "findByAltText": [Function],
  "findByDisplayValue": [Function],
  "findByLabelText": [Function],
  "findByPlaceholderText": [Function],
  "findByRole": [Function],
  "findByTestId": [Function],
  "findByText": [Function],
  "findByTitle": [Function],
  "getAllByAltText": [Function],
  "getAllByDisplayValue": [Function],
  "getAllByLabelText": [Function],
  "getAllByPlaceholderText": [Function],
  "getAllByRole": [Function],
  "getAllByTestId": [Function],
  "getAllByText": [Function],
  "getAllByTitle": [Function],
  "getByAltText": [Function],
  "getByDisplayValue": [Function],
  "getByLabelText": [Function],
  "getByPlaceholderText": [Function],
  "getByRole": [Function],
  "getByTestId": [Function],
  "getByText": [Function],
  "getByTitle": [Function],
  "queryAllByAltText": [Function],
  "queryAllByDisplayValue": [Function],
  "queryAllByLabelText": [Function],
  "queryAllByPlaceholderText": [Function],
  "queryAllByRole": [Function],
  "queryAllByTestId": [Function],
  "queryAllByText": [Function],
  "queryAllByTitle": [Function],
  "queryByAltText": [Function],
  "queryByDisplayValue": [Function],
  "queryByLabelText": [Function],
  "queryByPlaceholderText": [Function],
  "queryByRole": [Function],
  "queryByTestId": [Function],
  "queryByText": [Function],
  "queryByTitle": [Function],
  "rerender": [Function],
  "unmount": [Function],
}
`;
